Turbo Assembler	 Version 4.1	    02/05/26 22:15:38	    Page 1
check.asm



      1
      2	0000			     .model tiny
      3	0000			     .code
      4				     org 100h
      5
      6	0100			     Start:
      7	0100  B4 02				     mov ah, 02h	     ; number of dos fn
      8	0102  BA 010C				     mov dx, 010ch
      9	0105  CD 21				     int 21h		     ; call dos	fn
     10
     11	0107  B8 4C00				     mov ax, 4C00h	     ; dos fn exit (4C - exit, 00 - value exit)
     12	010A  CD 21				     int 21h		     ; call dos	fn
     13
     14	010C  02 24		     Hell:	     db	02h, '$'
     15
     16				     end	     Start
Turbo Assembler	 Version 4.1	    02/05/26 22:15:38	    Page 2
Symbol Table




Symbol Name			  Type	 Value

??DATE				  Text	 "02/05/26"
??FILENAME			  Text	 "check	  "
??TIME				  Text	 "22:15:38"
??VERSION			  Number 040A
@32BIT				  Text	 0
@CODE				  Text	 DGROUP
@CODESIZE			  Text	 0
@CPU				  Text	 0101H
@CURSEG				  Text	 _TEXT
@DATA				  Text	 DGROUP
@DATASIZE			  Text	 0
@FILENAME			  Text	 CHECK
@INTERFACE			  Text	 000H
@MODEL				  Text	 1
@STACK				  Text	 DGROUP
@WORDSIZE			  Text	 2
HELL				  Near	 DGROUP:010C
START				  Near	 DGROUP:0100

Groups & Segments		  Bit Size Align  Combine Class

DGROUP				  Group
  _DATA				  16  0000 Word	  Public  DATA
  _TEXT				  16  010E Word	  Public  CODE
