Turbo Assembler	 Version 4.1	    03/04/26 23:56:17	    Page 1
dr.asm



      1	    0000			 .model	tiny
      2					 .386
      3					 Locals	@@
      4
      5		  =0020			 END_OF_INTER		 equ	 20h
      6		  =000D			 AMOUNT_REGISTERS	 equ	 13
      7		  =0008			 LEN_FORMAT		 equ	 8
      8
      9		  =0001			 CONTROL_REG_SCAN_CODE	 equ	 1 ;tab	- 15
     10		  =00EA			 CODE_FAR_JUMP		 equ	 00eah
     11
     12					 ;------------------------------------------------------------------------------
     13					 ; draw_line
     14					 ;
     15					 ; Draw	line by	`ax`
     16					 ; Entry:
     17					 ;	 ax - symbol (word: attr<<8 | char)
     18					 ;	 cx - len (count of WORDs)
     19					 ;	 es:[di] - start video memory
     20					 ; Return:
     21					 ;	 -
     22					 ; Destroy:
     23					 ;	 cx, di
     24					 ;------------------------------------------------------------------------------
     25					 draw_line MACRO
     26						 rep stosw
     27						 ENDM
     28
     29	    0000			 .code
     30					 org 100h
     31
     32
     33	    0100			 start:
     34	    0100  0E				 push cs
     35	    0101  07				 pop es
     36	    0102  B8 015Br			 mov ax, offset	resident
     37	    0105  B9 0001			 mov cx, 1
     38	    0108  E8 0485			 call replace_irq_address
     39	    010B  A3 0267r			 mov word ptr standard_int_offset, ax
     40	    010E  8C 06	0269r			 mov word ptr standard_int_segment, es
     41
     42	    0112  0E				 push cs
     43	    0113  07				 pop es
     44	    0114  B8 0171r			 mov ax, offset	timer
     45	    0117  B9 0000			 mov cx, 0
     46	    011A  E8 0473			 call replace_irq_address
     47	    011D  A3 01DAr			 mov word ptr standard_int_offset_timer, ax
     48	    0120  8C 06	01DCr			 mov word ptr standard_int_segment_timer, es
     49
     50	    0124  33 FF				 xor di, di
     51	    0126  BA 00A0			 mov dx, 160
     52	    0129  A1 02EAr			 mov ax, [Y_COORD]
     53	    012C  F6 E2				 mul dl
     54	    012E  03 F8				 add di, ax
     55
     56	    0130  BA 0002			 mov dx, 2
     57	    0133  A1 02E8r			 mov ax, [X_COORD]
Turbo Assembler	 Version 4.1	    03/04/26 23:56:17	    Page 2
dr.asm



     58	    0136  F6 E2				 mul dl
     59	    0138  03 F8				 add di, ax
     60	    013A  8B D7				 mov dx, di
     61
     62	    013C  E8 047D			 call init_buffer_address
     63
     64	    013F  68 B800			 push 0b800h
     65	    0142  07				 pop es
     66	    0143  8B 3E	04C8r			 mov di, [START_TABLE_BUFFER + 2]
     67	    0147  33 C0				 xor ax, ax
     68	    0149  E8 042B			 call fill_area
     69
     70	    014C  E8 048C			 call parser_flags
     71						 ; call	compare_buffer
     72
     73						 ; call	draw_table
     74						 ; int 09h
     75
     76	    014F  B8 3100			 mov ax, 3100h
     77	    0152  BA 0590r			 mov dx, offset	end_resident
     78	    0155  C1 EA	04			 shr dx, 4
     79	    0158  42				 inc dx
     80	    0159  CD 21				 int 21h
     81
     82
     83	    015B			 resident		 PROC
     84	    015B  50				 push ax
     85	    015C  E8 018E			 call get_signal
     86
     87	    015F  3D 0001			 cmp ax, 1
     88	    0162  74 7A	90 90			 je @@init_reg
     89
     90	    0166  3D 0002			 cmp ax, 2
     91	    0169  0F 84	00FE			 je @@hide
     92
     93	    016D  58				 pop ax
     94	    016E  E9 00F5			 jmp @@standard_int
     95						 ; jmp @@show_timer
     96
     97	    0171			 timer:
     98	    0171  50				 push ax
     99	    0172  2E: A0 02E7r			 mov al, cs:[AUTO_RENEW]
    100	    0176  3C 01				 cmp al, 1
    101	    0178  58				 pop ax
    102	    0179  75 5E	90 90			 jne @@standard_timer
    103	    017D  50				 push ax
    104	    017E  2E: A0 02E6r			 mov al, cs:[ACTIVE_FLAG]
    105	    0182  3C 00				 cmp al, 0
    106	    0184  58				 pop ax
    107	    0185  75 52	90 90			 jne @@standard_timer
    108
    109	    0189  E8 036D			 call compare_buffer
    110	    018C  E8 018C			 call fill_reg_data
    111	    018F  50 06	57			 push ax es di
    112	    0192  2E: 8E 06 04C6r		 mov es, cs:[START_TABLE_BUFFER	+ 0]
    113	    0197  2E: 8B 3E 04C8r		 mov di, cs:[START_TABLE_BUFFER	+ 2]
    114
Turbo Assembler	 Version 4.1	    03/04/26 23:56:17	    Page 3
dr.asm



    115	    019C  B8 02CCr			 mov ax, offset	ALL_REGISTER_DATA
    116	    019F  E8 01D0			 call show_reg
    117	    01A2  5F 07	58			 pop di	es ax
    118
    119	    01A5  E8 0247			 call draw_table
    120
    121	    01A8  50 53	51 52 06 57 56		 push ax bx cx dx es di	si
    122	    01AF  B8 000D			 mov ax, AMOUNT_REGISTERS
    123	    01B2  05 0002			 add ax, 2
    124	    01B5  BB 0008			 mov bx, LEN_FORMAT
    125	    01B8  83 C3	01			 add bx, 1
    126	    01BB  B9 00A0			 mov cx, 160
    127	    01BE  BA 00A0			 mov dx, 160
    128	    01C1  68 B800			 push 0b800h
    129	    01C4  07				 pop es
    130	    01C5  2E: 8B 3E 04C8r		 mov di, cs:[START_TABLE_BUFFER	+ 2]
    131	    01CA  2E: 8B 36 04C4r		 mov si, cs:[START_VIDEO_BUFFER	+ 2]
    132	    01CF  E8 02FC			 call copy_area
    133	    01D2  5E 5F	07 5A 59 5B 58		 pop si	di es dx cx bx ax
    134
    135	    01D9			 @@standard_timer:
    136	    01D9  EA				 db CODE_FAR_JUMP
    137	    01DA  0000			 standard_int_offset_timer     dw      0       ;jmp to standard_int
    138	    01DC  0000			 standard_int_segment_timer    dw      0
    139						 ;ret after this is automatic
    140
    141	    01DE			 @@init_reg:
    142					 ;	   push	es ax di
    143					 ;	   push	0b800h
    144					 ;	   pop es
    145					 ;	   mov ax, 4c00h
    146					 ;	   mov di, 0
    147					 ;	   mov es:[di],	ax
    148					 ;	   pop di ax es
    149					 ;
    150					 ;	   jmp @@own_end
    151	    01DE  58				 pop ax
    152
    153
    154	    01DF  50 53	51 52 06 57 56		 push ax bx cx dx es di	si
    155	    01E6  B8 000D			 mov ax, AMOUNT_REGISTERS
    156	    01E9  05 0002			 add ax, 2
    157	    01EC  BB 0008			 mov bx, LEN_FORMAT
    158	    01EF  83 C3	01			 add bx, 1
    159	    01F2  B9 00A0			 mov cx, 160
    160	    01F5  BA 00A0			 mov dx, 160
    161	    01F8  68 B800			 push 0b800h
    162	    01FB  07				 pop es
    163	    01FC  2E: 8B 3E 04C4r		 mov di, cs:[START_VIDEO_BUFFER	+ 2]
    164						 ; mov si, 0b800h + 40
    165	    0201  2E: 8B 36 04CCr		 mov si, cs:[START_FON_BUFFER +	2]
    166	    0206  FA				 cli
    167	    0207  E8 02C4			 call copy_area
    168	    020A  FB				 sti
    169	    020B  5E 5F	07 5A 59 5B 58		 pop si	di es dx cx bx ax
    170						 ; jmp @@own_end
    171
Turbo Assembler	 Version 4.1	    03/04/26 23:56:17	    Page 4
dr.asm



    172					 ; @@show_reg:
    173	    0212  E8 0106			 call fill_reg_data
    174
    175	    0215  50 06	57			 push ax es di
    176	    0218  2E: 8E 06 04C6r		 mov es, cs:[START_TABLE_BUFFER	+ 0]
    177	    021D  2E: 8B 3E 04C8r		 mov di, cs:[START_TABLE_BUFFER	+ 2]
    178
    179	    0222  B8 02CCr			 mov ax, offset	ALL_REGISTER_DATA
    180
    181	    0225  FA				 cli
    182	    0226  E8 0149			 call show_reg
    183	    0229  FB				 sti
    184	    022A  5F 07	58			 pop di	es ax
    185
    186	    022D  E8 01BF			 call draw_table
    187
    188	    0230			 @@show_reg_end:
    189
    190	    0230  50 53	51 52 06 57 56		 push ax bx cx dx es di	si
    191	    0237  B8 000D			 mov ax, AMOUNT_REGISTERS
    192	    023A  05 0002			 add ax, 2
    193	    023D  BB 0008			 mov bx, LEN_FORMAT
    194	    0240  83 C3	01			 add bx, 1
    195	    0243  B9 00A0			 mov cx, 160
    196	    0246  BA 00A0			 mov dx, 160
    197	    0249  68 B800			 push 0b800h
    198	    024C  07				 pop es
    199	    024D  2E: 8B 3E 04C8r		 mov di, cs:[START_TABLE_BUFFER	+ 2]
    200	    0252  2E: 8B 36 04C4r		 mov si, cs:[START_VIDEO_BUFFER	+ 2]
    201	    0257  FA				 cli
    202	    0258  E8 0273			 call copy_area
    203	    025B  FB				 sti
    204	    025C  5E 5F	07 5A 59 5B 58		 pop si	di es dx cx bx ax
    205	    0263  EB 3A	90			 jmp @@own_end
    206
    207
    208	    0266			 @@standard_int:
    209	    0266  EA				 db CODE_FAR_JUMP
    210	    0267  0000			 standard_int_offset	 dw	 0	 ;jmp to standard_int
    211	    0269  0000			 standard_int_segment	 dw	 0
    212						 ;ret after this is automatic
    213
    214	    026B			 @@hide:
    215	    026B  58				 pop ax
    216	    026C  50 53	51 52 06 57 56		 push ax bx cx dx es di	si
    217	    0273  B8 000D			 mov ax, AMOUNT_REGISTERS
    218	    0276  05 0002			 add ax, 2
    219	    0279  BB 0008			 mov bx, LEN_FORMAT
    220	    027C  83 C3	01			 add bx, 1
    221	    027F  B9 00A0			 mov cx, 160
    222	    0282  BA 00A0			 mov dx, 160
    223	    0285  68 B800			 push 0b800h
    224	    0288  07				 pop es
    225	    0289  2E: 8B 3E 04CCr		 mov di, cs:[START_FON_BUFFER +	2]
    226	    028E  2E: 8B 36 04C4r		 mov si, cs:[START_VIDEO_BUFFER	+ 2]
    227
    228	    0293  FA				 cli
Turbo Assembler	 Version 4.1	    03/04/26 23:56:17	    Page 5
dr.asm



    229	    0294  E8 0237			 call copy_area
    230	    0297  FB				 sti
    231
    232	    0298  5E 5F	07 5A 59 5B 58		 pop si	di es dx cx bx ax
    233
    234	    029F			 @@own_end:
    235
    236	    029F  50				 push ax
    237	    02A0  B0 20				 mov al, 20h
    238	    02A2  E6 20				 out 20h, al
    239	    02A4  58				 pop ax
    240	    02A5  CF				 iret
    241
    242	    02A6						 ENDP
    243
    244
    245					 ;data segment of resident
    246	    02A6  4CDA 4CBF 4CC0 4CD9	 TABLE_TANGLES	 dw   4cdah, 4cbfh, 4cc0h, 4cd9h
    247	    02AE  4CC4 4CB3		 TABLE_LINES	 dw   4cc4h, 4cb3h
    248	    02B2  6178 6278 6378 6478 +	 NAME_REGISTERS	 dw   'ax', 'bx', 'cx',	'dx', 'si', 'di', 'bp',	'sp', 'ds', 'es', 'ss',	    +
    249		  7369 6469 6270 7370 +	 'cs', 'ip'
    250		  6473 6573 7373 6373 +
    251		  6970
    252	    02CC  0D*(????)		 ALL_REGISTER_DATA	 dw  AMOUNT_REGISTERS dup ()
    253	    02E6  01			 ACTIVE_FLAG db	 1
    254	    02E7  01			 AUTO_RENEW  db	 1
    255
    256	    02E8  0000			 X_COORD		 dw	 0
    257	    02EA  0000			 Y_COORD		 dw	 0
    258	    02EC  48			 REGISTER_COLOR		 db	048h
    259
    260					 ;------------------------------------------------------------------------------
    261					 ; get_signal
    262					 ;
    263					 ; Compare input scan code and return needed operation code
    264					 ; 0 - nothing
    265					 ; 1 - show registers
    266					 ; 2 - hide registers
    267					 ; Entry:
    268					 ;	 -
    269					 ; Return:
    270					 ;	 ax - op. code
    271					 ; Destroy:
    272					 ;	 ax
    273					 ;------------------------------------------------------------------------------
    274	    02ED			 get_signal		 PROC
    275	    02ED  E4 60				 in al,	60h
    276	    02EF  3C 01				 cmp al, CONTROL_REG_SCAN_CODE
    277	    02F1  74 06	90 90			 je @@press
    278
    279	    02F5  B8 0000			 mov ax, 0 ;0
    280	    02F8  C3				 ret
    281
    282	    02F9			 @@press:
    283	    02F9  E4 61				 in al,	61h
    284	    02FB  0C 80				 or al,	80h
    285	    02FD  E6 61				 out 61h, al
Turbo Assembler	 Version 4.1	    03/04/26 23:56:17	    Page 6
dr.asm



    286	    02FF  24 7F				 and al, not 80h
    287	    0301  E6 61				 out 61h, al
    288
    289	    0303  2E: A0 02E6r			 mov al, byte ptr cs:[ACTIVE_FLAG]
    290	    0307  34 01				 xor al, 1
    291	    0309  2E: A2 02E6r			 mov byte ptr cs:[ACTIVE_FLAG],	al
    292
    293	    030D  3C 00				 cmp al, 0
    294	    030F  74 06	90 90			 je @@show
    295	    0313  B8 0002			 mov ax, 2
    296	    0316  C3				 ret
    297
    298	    0317			 @@show:
    299	    0317  B8 0001			 mov ax, 1
    300	    031A  C3				 ret
    301	    031B						 ENDP
    302
    303					 ;сделать переменную. показывающую	режим		    +
    304					 отрисовки рамки - постоянно или нет. При каждом	    +
    305					 нажатии	- обновлять
    306
    307	    031B			 fill_reg_data		 PROC
    308	    031B  2E: A3 02CCr			 mov cs:[ALL_REGISTER_DATA + 0], ax
    309	    031F  2E: 89 1E 02CEr		 mov cs:[ALL_REGISTER_DATA + 2], bx
    310	    0324  2E: 89 0E 02D0r		 mov cs:[ALL_REGISTER_DATA + 4], cx
    311	    0329  2E: 89 16 02D2r		 mov cs:[ALL_REGISTER_DATA + 6], dx
    312	    032E  2E: 89 36 02D4r		 mov cs:[ALL_REGISTER_DATA + 8], si
    313	    0333  2E: 89 3E 02D6r		 mov cs:[ALL_REGISTER_DATA + 10], di
    314	    0338  2E: 89 2E 02D8r		 mov cs:[ALL_REGISTER_DATA + 12], bp
    315	    033D  83 C4	08			 add sp, 8  ;6 - after call int	+ 2 after call fill_reg_data
    316	    0340  2E: 89 26 02DAr		 mov cs:[ALL_REGISTER_DATA + 14], sp
    317	    0345  83 EC	08			 sub sp, 8
    318	    0348  2E: 8C 1E 02DCr		 mov cs:[ALL_REGISTER_DATA + 16], ds
    319	    034D  2E: 8C 06 02DEr		 mov cs:[ALL_REGISTER_DATA + 18], es
    320	    0352  2E: 8C 16 02E0r		 mov cs:[ALL_REGISTER_DATA + 20], ss
    321	    0357  50 55				 push ax bp
    322	    0359  8B EC				 mov bp, sp
    323	    035B  83 C5	08			 add bp, 8
    324	    035E  8B 46	00			 mov ax, ss:[bp]
    325	    0361  2E: A3 02E2r			 mov cs:[ALL_REGISTER_DATA + 22], ax
    326						 ;				  cs
    327	    0365  83 C5	02			 add bp, 2
    328	    0368  8B 46	00			 mov ax, ss:[bp]
    329	    036B  2E: A3 02E4r			 mov cs:[ALL_REGISTER_DATA + 24], ax
    330						 ;				  ip
    331						 ; sub bp, 10
    332	    036F  5D 58				 pop bp	ax
    333	    0371  C3				 ret
    334	    0372						 ENDP
    335
    336
    337					 ;------------------------------------------------------------------------------
    338					 ; show_reg
    339					 ;
    340					 ; Draw	all registers:
    341					 ; Entry:
    342					 ;	 ax - data with	values of registers
Turbo Assembler	 Version 4.1	    03/04/26 23:56:17	    Page 7
dr.asm



    343					 ;	 es:[di] - start memory	address
    344					 ;------------------------------------------------------------------------------
    345	    0372			 show_reg		 PROC
    346	    0372  51 53	56			 push cx bx si
    347	    0375  B9 000D			 mov cx, AMOUNT_REGISTERS
    348	    0378  2E: 8A 3E 02ECr		 mov bh, cs:[REGISTER_COLOR]
    349	    037D  33 F6				 xor si, si
    350	    037F  81 C7	00A2			 add di, 162
    351
    352	    0383			 @@next:
    353	    0383  57				 push di
    354	    0384  50				 push ax
    355
    356					 ;set name
    357	    0385  2E: 8B 84 02B2r		 mov ax, word ptr cs:NAME_REGISTERS[si]
    358	    038A  8A DC				 mov bl, ah
    359
    360	    038C  26: 89 1D			 mov es:[di], bx
    361	    038F  83 C7	02			 add di, 2
    362	    0392  8A D8				 mov bl, al
    363
    364	    0394  26: 89 1D			 mov es:[di], bx
    365	    0397  83 C7	02			 add di, 2
    366	    039A  B3 3D				 mov bl, '='
    367
    368	    039C  26: 89 1D			 mov es:[di], bx
    369	    039F  83 C7	02			 add di, 2
    370
    371	    03A2  58				 pop ax
    372	    03A3  83 C6	02			 add si, 2
    373
    374	    03A6  57				 push di
    375	    03A7  8B F8				 mov di, ax
    376	    03A9  2E: 8A 1D			 mov bl, byte ptr cs:[di]
    377	    03AC  5F				 pop di
    378
    379	    03AD  50				 push ax
    380	    03AE  8A C3				 mov al, bl
    381	    03B0  E8 00E3			 call number_to_ascii_16
    382
    383	    03B3  8A D8				 mov bl, al
    384	    03B5  26: 89 1D			 mov word ptr es:[di], bx
    385	    03B8  83 C7	02			 add di, 2
    386
    387	    03BB  8A DC				 mov bl, ah
    388	    03BD  26: 89 1D			 mov word ptr es:[di], bx
    389	    03C0  83 C7	02			 add di, 2
    390
    391	    03C3  58				 pop ax
    392	    03C4  40				 inc ax
    393
    394	    03C5  57				 push di
    395	    03C6  8B F8				 mov di, ax
    396	    03C8  2E: 8A 1D			 mov bl, byte ptr cs:[di]
    397	    03CB  5F				 pop di
    398
    399	    03CC  50				 push ax
Turbo Assembler	 Version 4.1	    03/04/26 23:56:17	    Page 8
dr.asm



    400	    03CD  8A C3				 mov al, bl
    401	    03CF  E8 00C4			 call number_to_ascii_16
    402
    403	    03D2  8A D8				 mov bl, al
    404	    03D4  26: 89 1D			 mov word ptr es:[di], bx
    405	    03D7  83 C7	02			 add di, 2
    406
    407	    03DA  8A DC				 mov bl, ah
    408	    03DC  26: 89 1D			 mov word ptr es:[di], bx
    409	    03DF  83 C7	02			 add di, 2
    410	    03E2  58				 pop ax
    411
    412	    03E3  40				 inc ax
    413	    03E4  5F				 pop di
    414	    03E5  81 C7	00A0			 add di, 160
    415	    03E9  E2 98				 loop @@next
    416
    417	    03EB  5E 5B	59			 pop si	bx cx
    418	    03EE  C3				 ret
    419	    03EF						 ENDP
    420
    421
    422					 ;------------------------------------------------------------------------------
    423					 ; draw_table
    424					 ;
    425					 ; Draw	table (AMOUNT_RESISTERS+2 * LEN_FORMAT)	in (X_COORD, Y_COORD)
    426					 ; Entry:
    427					 ;	 -
    428					 ; Destroy:
    429					 ;	 -
    430					 ;------------------------------------------------------------------------------
    431	    03EF			 draw_table		 PROC
    432	    03EF  50 53	51 57 06		 push ax bx cx di es
    433
    434	    03F4  2E: 8E 06 04C6r		 mov es, cs:[START_TABLE_BUFFER	+ 0]
    435	    03F9  2E: 8B 3E 04C8r		 mov di, cs:[START_TABLE_BUFFER	+ 2]
    436
    437	    03FE  57				 push di
    438
    439	    03FF  B9 000D			 mov cx, AMOUNT_REGISTERS
    440	    0402  83 C1	02			 add cx, 2
    441	    0405  2E: A1 02B0r			 mov ax, cs:TABLE_LINES[2]
    442	    0409  E8 004A			 call draw_column
    443
    444	    040C  5F				 pop di
    445	    040D  57				 push di
    446
    447	    040E  B9 0008			 mov cx, LEN_FORMAT
    448	    0411  2E: A1 02AEr			 mov ax, cs:TABLE_LINES[0]
    449						 draw_line
1   450	    0415  F3> AB			 rep stosw
    451
    452	    0417  57				 push di
    453	    0418  B9 000D			 mov cx, AMOUNT_REGISTERS
    454	    041B  83 C1	01			 add cx, 1
    455	    041E  2E: A1 02B0r			 mov ax, cs:TABLE_LINES[2]
    456	    0422  E8 0031			 call draw_column
Turbo Assembler	 Version 4.1	    03/04/26 23:56:17	    Page 9
dr.asm



    457
    458	    0425  5F				 pop di
    459	    0426  2E: 8B 3E 04C8r		 mov di, cs:[START_TABLE_BUFFER	+ 2]
    460	    042B  B8 00A0			 mov ax, 160
    461	    042E  B3 0D				 mov bl, AMOUNT_REGISTERS
    462	    0430  80 C3	01			 add bl, 1
    463	    0433  F6 E3				 mul bl
    464	    0435  03 F8				 add di, ax
    465
    466	    0437  B9 0008			 mov cx, LEN_FORMAT
    467	    043A  2E: A1 02AEr			 mov ax, cs:TABLE_LINES[0]
    468						 draw_line
1   469	    043E  F3> AB			 rep stosw
    470
    471	    0440  5F				 pop di
    472	    0441  B8 02A6r			 mov ax, offset	TABLE_TANGLES
    473	    0444  BB 000D			 mov bx, AMOUNT_REGISTERS
    474	    0447  83 C3	01			 add bx, 1
    475	    044A  B9 0008			 mov cx, LEN_FORMAT
    476	    044D  E8 0010			 call draw_tangles
    477
    478	    0450  07 5F	59 5B 58		 pop es	di cx bx ax
    479	    0455  C3				 ret
    480
    481					 ;	   push	ax bx cx di es
    482					 ; ;
    483					 ;	   ; push 0b800h
    484					 ;	   ; pop es
    485					 ;	   ; mov bl, 160
    486					 ;	   ; mov al, Y_COORD
    487					 ;	   ; mul bl
    488					 ;	   ; mov di, ax
    489					 ;	   ; mov ax, X_COORD
    490					 ;	   ; shl ax, 1
    491					 ;	   ; add di, ax
    492					 ;	   mov es, cs:[START_TABLE_BUFFER + 0]
    493					 ;	   mov di, cs:[START_TABLE_BUFFER + 2]
    494					 ;	   add di, 2
    495					 ;
    496					 ;	   push	di
    497					 ;
    498					 ;
    499					 ;	   mov cx, AMOUNT_REGISTERS
    500					 ;	   add cx, 1
    501					 ;	   push	cx
    502					 ;	   mov ax, cs:TABLE_LINES[2]
    503					 ;	   call	draw_column
    504					 ;
    505					 ;	   pop cx
    506					 ;	   pop di
    507					 ;	   push	di
    508					 ;
    509					 ;	   mov ax, LEN_FORMAT
    510					 ;	   dec ax
    511					 ;	   shl ax, 1
    512					 ;	   add di, ax
    513					 ;	   mov ax, cs:TABLE_LINES[2]
Turbo Assembler	 Version 4.1	    03/04/26 23:56:17	    Page 10
dr.asm



    514					 ;	   call	draw_column
    515					 ;
    516					 ;	   pop di
    517					 ;	   push	di
    518					 ;	   mov cx, LEN_FORMAT
    519					 ;	   mov ax, cs:TABLE_LINES[0]
    520					 ;	   draw_line
    521					 ;
    522					 ;	   pop di
    523					 ;	   push	di
    524					 ;	   mov ax, 160
    525					 ;	   mov bx, AMOUNT_REGISTERS
    526					 ;	   add bx, 1
    527					 ;	   mul bl
    528					 ;	   ; add di, ax
    529					 ;	   mov ax, cs:TABLE_LINES[0]
    530					 ;	   mov cx, LEN_FORMAT
    531					 ;	   draw_line
    532					 ;
    533					 ;	   pop di
    534					 ;	   mov ax, offset TABLE_TANGLES
    535					 ;	   mov bx, AMOUNT_REGISTERS
    536					 ;	   add bx, 1
    537					 ;	   mov cx, LEN_FORMAT
    538					 ;	   dec cx
    539					 ;	   call	draw_tangles
    540					 ;
    541					 ;	   pop es di cx	bx ax
    542					 ;	   ret
    543	    0456						 ENDP
    544
    545
    546
    547
    548					 ;------------------------------------------------------------------------------
    549					 ; draw_column
    550					 ;
    551					 ; Draw	Column with symbol `ax`
    552					 ; Entry:
    553					 ;	 ax - symbol (word: attr<<8 | char)
    554					 ;	 es:[di] - start memory	address
    555					 ;	 cx - len column
    556					 ; Return:
    557					 ;	 -
    558					 ; Destroy:
    559					 ;	 bx, di, cx
    560					 ;------------------------------------------------------------------------------
    561	    0456			 draw_column PROC
    562	    0456			 @@next:
    563	    0456  26: 89 05			 mov word ptr es:[di], ax
    564						 ; mov bx, 160
    565	    0459  81 C7	00A0			 add di, 160
    566	    045D  E2 F7				 loop @@next
    567	    045F  C3				 ret
    568	    0460			 draw_column ENDP
    569
    570					 ;------------------------------------------------------------------------------
Turbo Assembler	 Version 4.1	    03/04/26 23:56:17	    Page 11
dr.asm



    571					 ; draw_tangles
    572					 ;
    573					 ; Draw	Tangles	with symbols in	massive, whose address in ax
    574					 ; Entry:
    575					 ;	 ax - massive of symbol	       ;lh, rh,	ld, rd
    576					 ;	 es:[di] - start memory	address
    577					 ;	 bx - high table
    578					 ;	 cx - len table
    579					 ; Return:
    580					 ;	 -
    581					 ; Destroy:
    582					 ;	 bx, di, cx
    583					 ;------------------------------------------------------------------------------
    584	    0460			 draw_tangles PROC
    585					     ; inc cx
    586	    0460  D1 E1			     shl cx, 1
    587	    0462  50			     push ax
    588	    0463  B8 00A0		     mov ax, 160
    589					     ; inc bl
    590	    0466  F6 E3			     mul bl
    591	    0468  8B D8			     mov bx, ax
    592	    046A  58			     pop ax
    593
    594	    046B  55 56			     push bp si
    595
    596	    046D  8B E8			     mov bp, ax
    597	    046F  2E: 8B 76 00		     mov si, cs:[bp]
    598	    0473  26: 89 35		     mov es:[di], si
    599
    600	    0476  57			     push di
    601	    0477  03 F9			     add di, cx
    602	    0479  2E: 8B 76 02		     mov si, cs:[bp+2]
    603	    047D  26: 89 35		     mov es:[di], si
    604
    605	    0480  5F			     pop di
    606	    0481  03 FB			     add di, bx
    607	    0483  2E: 8B 76 04		     mov si, cs:[bp+4]
    608	    0487  26: 89 35		     mov es:[di], si
    609
    610	    048A  03 F9			     add di, cx
    611	    048C  2E: 8B 76 06		     mov si, cs:[bp+6];	dx - left hight	tangle
    612	    0490  26: 89 35		     mov es:[di], si
    613
    614	    0493  5E 5D			     pop si bp
    615	    0495  C3			     ret
    616
    617	    0496				     ENDP
    618
    619					 ;------------------------------------------------------------------------------
    620					 ; number_to_ascii_16
    621					 ;
    622					 ; Convert value in register to	needed ascii code in 16	- system
    623					 ; Entry:
    624					 ;	 al - value
    625					 ; Return:
    626					 ;	 ax - number (needed 2 byte)
    627					 ; Destroy:
Turbo Assembler	 Version 4.1	    03/04/26 23:56:17	    Page 12
dr.asm



    628					 ;	 ah
    629					 ;------------------------------------------------------------------------------
    630	    0496			 number_to_ascii_16	 PROC
    631	    0496  53				 push bx
    632	    0497  8A E0				 mov  ah, al
    633
    634	    0499  24 0F				 and  al, 0Fh
    635	    049B  3C 09				 cmp  al, 9
    636	    049D  76 07	90 90			 jbe  @@low_digit
    637	    04A1  04 37				 add  al, 'A' -	10
    638	    04A3  EB 03	90			 jmp  @@low_done
    639	    04A6			 @@low_digit:
    640	    04A6  04 30				 add  al, '0'
    641	    04A8			 @@low_done:
    642	    04A8  8A D8				 mov  bl, al
    643
    644	    04AA  8A C4				 mov  al, ah
    645	    04AC  C0 E8	04			 shr  al, 4
    646	    04AF  3C 09				 cmp  al, 9
    647	    04B1  76 07	90 90			 jbe  @@high_digit
    648	    04B5  04 37				 add  al, 'A' -	10
    649	    04B7  EB 03	90			 jmp  @@high_done
    650	    04BA			 @@high_digit:
    651	    04BA  04 30				 add  al, '0'
    652	    04BC			 @@high_done:
    653	    04BC  8A F8				 mov  bh, al
    654	    04BE  8B C3				 mov  ax, bx
    655
    656	    04C0  5B				 pop  bx
    657	    04C1  C3				 ret
    658	    04C2						 ENDP
    659
    660
    661	    04C2  0000 0000		 START_VIDEO_BUFFER  dw	0, 0
    662	    04C6  0000 0000		 START_TABLE_BUFFER  dw	0, 0
    663	    04CA  0000 0000		 START_FON_BUFFER    dw	0, 0
    664
    665
    666					 ;------------------------------------------------------------------------------
    667					 ; copy_area
    668					 ;
    669					 ; Draw	same area
    670					 ; Entry:
    671					 ;	 ax - hight area
    672					 ;	 bx - len area
    673					 ;	 cx - step of hight of in area
    674					 ;	 dx - step of hight of out area
    675					 ;	 es - start segment
    676					 ;	 di - start address in area
    677					 ;	 si - start address out	area
    678					 ; Destroy:
    679					 ;	 -
    680					 ;------------------------------------------------------------------------------
    681	    04CE			 copy_area		 PROC
    682	    04CE  50 57	56			 push ax di si
    683
    684	    04D1			 @@next_out_circle:
Turbo Assembler	 Version 4.1	    03/04/26 23:56:17	    Page 13
dr.asm



    685	    04D1  57 56				 push di si
    686	    04D3  53				 push bx
    687
    688
    689	    04D4			 @@next_in_circle:
    690	    04D4  50				 push ax
    691	    04D5  26: 8B 05			 mov ax, word ptr es:[di]
    692	    04D8  26: 89 04			 mov word ptr es:[si], ax
    693	    04DB  58				 pop ax
    694	    04DC  83 C7	02			 add di, 2
    695	    04DF  83 C6	02			 add si, 2
    696	    04E2  4B				 dec bx
    697	    04E3  83 FB	00			 cmp bx, 0
    698	    04E6  75 EC				 jne @@next_in_circle
    699
    700	    04E8  5B				 pop bx
    701	    04E9  5E 5F				 pop si	di
    702	    04EB  03 F2				 add si, dx
    703	    04ED  03 F9				 add di, cx
    704
    705	    04EF  48				 dec ax
    706	    04F0  3D 0000			 cmp ax, 0
    707	    04F3  75 DC				 jne @@next_out_circle
    708
    709	    04F5  5E 5F	58			 pop si	di ax
    710	    04F8  C3				 ret
    711	    04F9						 ENDP
    712
    713
    714					 ;------------------------------------------------------------------------------
    715					 ; compare_buffer
    716					 ;
    717					 ; Compare VIDEO_BUFFER	and TABLE_BUFFER and different copy to FON_BUFFER
    718					 ; Entry:
    719					 ;	 -
    720					 ; Destroy:
    721					 ;	 -
    722					 ;------------------------------------------------------------------------------
    723	    04F9			 compare_buffer		 PROC
    724
    725	    04F9  50 53	51 52 57 06		 push ax bx cx dx di es
    726
    727	    04FF  2E: 8B 1E 04C8r		 mov bx, cs:[START_TABLE_BUFFER	+ 2]
    728	    0504  2E: 8B 16 04C4r		 mov dx, cs:[START_VIDEO_BUFFER	+ 2]
    729	    0509  2E: 8B 3E 04CCr		 mov di, cs:[START_FON_BUFFER +	2]
    730	    050E  B8 0008			 mov ax, LEN_FORMAT
    731	    0511  05 0001			 add ax, 1
    732	    0514  B9 000D			 mov cx, AMOUNT_REGISTERS
    733	    0517  83 C1	02			 add cx, 2
    734	    051A  2E: 8E 06 04C6r		 mov es, word ptr cs:[START_TABLE_BUFFER + 0]
    735
    736	    051F			 @@next_out_circle:
    737
    738	    051F  53 52	57			 push bx dx di
    739	    0522  51				 push cx
    740
    741	    0523			 @@next_in_circle:
Turbo Assembler	 Version 4.1	    03/04/26 23:56:17	    Page 14
dr.asm



    742	    0523  50				 push ax
    743
    744	    0524  26: 8B 07			 mov ax, es:[bx]
    745	    0527  57				 push di
    746	    0528  8B FA				 mov di, dx
    747	    052A  26: 8B 0D			 mov cx, es:[di]
    748	    052D  5F				 pop di
    749
    750	    052E  3B C8				 cmp cx, ax
    751	    0530  75 32	90 90			 jne @@replace
    752
    753	    0534			 @@not_replace:
    754
    755	    0534  83 C3	02			 add bx, 2
    756	    0537  83 C2	02			 add dx, 2
    757	    053A  83 C7	02			 add di, 2
    758
    759	    053D  58				 pop ax
    760	    053E  48				 dec ax
    761	    053F  3D 0000			 cmp ax, 0
    762	    0542  75 DF				 jne @@next_in_circle
    763	    0544  B8 0008			 mov ax, LEN_FORMAT
    764	    0547  05 0001			 add ax, 1
    765
    766	    054A  59				 pop cx
    767	    054B  49				 dec cx
    768	    054C  83 F9	00			 cmp cx, 0
    769	    054F  5F 5A	5B			 pop di	dx bx
    770	    0552  74 1C	90 90			 je @@end
    771
    772	    0556  81 C2	00A0			 add dx, 160
    773	    055A  81 C3	00A0			 add bx, 160
    774	    055E  81 C7	00A0			 add di, 160
    775
    776	    0562  EB BB				 jmp @@next_out_circle
    777
    778
    779	    0564			 @@replace:
    780	    0564  26: 89 0D			 mov word ptr es:[di], cx
    781	    0567  57				 push di
    782	    0568  8B FA				 mov di, dx
    783	    056A  26: 89 05			 mov word ptr es:[di], ax
    784	    056D  5F				 pop di
    785
    786	    056E  EB C4				 jmp @@not_replace
    787
    788	    0570			 @@end:
    789	    0570  07 5F	5A 59 5B 58		 pop es	di dx cx bx ax
    790	    0576  C3				 ret
    791	    0577						 ENDP
    792
    793					 ;------------------------------------------------------------------------------
    794					 ; fill_area
    795					 ;
    796					 ; fill	area, witch start in es:[di] for symbol	ax
    797					 ; Entry:
    798					 ;	 es:[di] - start address
Turbo Assembler	 Version 4.1	    03/04/26 23:56:17	    Page 15
dr.asm



    799					 ;	 ax - symbol of	fill
    800					 ; Destroy:
    801					 ;	 di
    802					 ;------------------------------------------------------------------------------
    803	    0577			 fill_area		 PROC
    804	    0577  51 53				 push cx bx
    805	    0579  BB 000D			 mov bx, AMOUNT_REGISTERS
    806
    807	    057C			 @@next:
    808	    057C  B9 0008			 mov cx, LEN_FORMAT
    809	    057F  57				 push di
    810						 draw_line
1   811	    0580  F3> AB			 rep stosw
    812	    0582  5F				 pop di
    813	    0583  81 C7	00A0			 add di, 160
    814	    0587  4B				 dec bx
    815	    0588  83 FB	00			 cmp bx, 0
    816	    058B  75 EF				 jne @@next
    817
    818	    058D  5B 59				 pop bx	cx
    819	    058F  C3				 ret
    820	    0590						 ENDP
    821
    822
    823	    0590			 end_resident:
    824
    825
    826					 ;------------------------------------------------------------------------------
    827					 ; replace_irq_address
    828					 ;
    829					 ; Entry:
    830					 ;	 ax - new offset of irq
    831					 ;	 es - new segment of irq
    832					 ;	 cx - number interrupt
    833					 ; Return:
    834					 ;	 ax - old offset of irq
    835					 ;	 es - old segment of irq
    836					 ; Destroy:
    837					 ;	 -
    838					 ;------------------------------------------------------------------------------
    839	    0590			 replace_irq_address	 PROC
    840	    0590  57 52	53 51			 push di dx bx cx
    841
    842	    0594  BF 0008			 mov di, 8
    843	    0597  03 F9				 add di, cx
    844	    0599  C1 E7	02			 shl di, 2
    845
    846	    059C  06				 push es
    847	    059D  59				 pop cx
    848
    849	    059E  BA 0000			 mov dx, 0
    850	    05A1  52				 push dx
    851	    05A2  07				 pop es
    852	    05A3  26: 8B 1D			 mov bx, es:[di]
    853	    05A6  26: 8B 55 02			 mov dx, es:[di	+ 2]
    854
    855	    05AA  FA				 cli
Turbo Assembler	 Version 4.1	    03/04/26 23:56:17	    Page 16
dr.asm



    856	    05AB  26: 89 05			 mov es:[di], ax
    857	    05AE  26: 89 4D 02			 mov es:[di + 2], cx
    858	    05B2  FB				 sti
    859
    860	    05B3  8B C3				 mov ax, bx
    861	    05B5  52				 push dx
    862	    05B6  07				 pop es
    863
    864	    05B7  59 5B	5A 5F			 pop cx	bx dx di
    865	    05BB  C3				 ret
    866	    05BC						 ENDP
    867
    868
    869					 ;------------------------------------------------------------------------------
    870					 ; init_buffer_address
    871					 ;
    872					 ; fill	buffers	address
    873					 ; Entry:
    874					 ;	 dx - left hight tangle	of table
    875					 ; Destroy:
    876					 ;	 -
    877					 ;------------------------------------------------------------------------------
    878	    05BC			 init_buffer_address	 PROC
    879	    05BC  50				 push ax
    880	    05BD  B8 B800			 mov ax, 0b800h
    881	    05C0  A3 04C6r			 mov [START_TABLE_BUFFER + 0], ax
    882	    05C3  A3 04C2r			 mov [START_VIDEO_BUFFER + 0], ax
    883	    05C6  A3 04CAr			 mov [START_FON_BUFFER + 0], ax
    884
    885	    05C9  89 16	04C4r			 mov [START_VIDEO_BUFFER + 2], dx
    886	    05CD  C7 06	04C8r 0FA0		 mov [START_TABLE_BUFFER + 2], 4000
    887	    05D3  C7 06	04CCr 1F40		 mov [START_FON_BUFFER + 2], 4000*2
    888
    889	    05D9  58				 pop ax
    890	    05DA  C3				 ret
    891	    05DB						 ENDP
    892
    893
    894	    05DB			 parser_flags		 PROC
    895	    05DB  BF 0080			 mov di, 80h
    896	    05DE  8B 0D				 mov cx, [di]
    897	    05E0  83 F9	00			 cmp cx, 0
    898	    05E3  74 60	90 90			 je @@end
    899
    900	    05E7  83 C7	01			 add di, 1
    901
    902	    05EA			 @@circle:
    903	    05EA  47				 inc di
    904	    05EB  80 3D	2D			 cmp byte ptr [di], '-'
    905	    05EE  74 0C	90 90			 je @@flag
    906
    907	    05F2  81 FF	0160			 cmp di, 160h
    908	    05F6  74 4D	90 90			 je @@end
    909	    05FA  EB EE				 jmp @@circle
    910
    911					 ; Я знаю о jmp таблице и	понимаю.	как она работает,	    +
    912					 однако мне кажется,
Turbo Assembler	 Version 4.1	    03/04/26 23:56:17	    Page 17
dr.asm



    913					 ; при малом количестве возможных аргументов будет+
    914					 проще и легче отладить
    915					 ; при простом переборе, а не расчете необходимых    +
    916					 смещений в зависимости
    917					 ; от	каждого ASCII символа. + разброс ASCII кодов не мал
    918
    919	    05FC			 @@flag:
    920	    05FC  83 C7	03			 add di, 3
    921	    05FF  E8 0076			 call two_char_to_num
    922	    0602  32 E4				 xor ah, ah
    923	    0604  83 EF	04			 sub di, 4
    924
    925	    0607  80 3D	78			 cmp byte ptr [di], 'x'
    926	    060A  74 15	90 90			 je @@x
    927	    060E  80 3D	79			 cmp byte ptr [di], 'y'
    928	    0611  74 13	90 90			 je @@y
    929	    0615  80 3D	63			 cmp byte ptr [di], 'c'
    930	    0618  74 11	90 90			 je @@c
    931
    932	    061C  83 EF	02			 sub di, 2
    933	    061F  EB C9				 jmp @@circle
    934
    935	    0621			 @@x:
    936	    0621  A3 02E8r			 mov word ptr [X_COORD+0], ax
    937	    0624  EB C4				 jmp @@circle
    938
    939	    0626			 @@y:
    940	    0626  A3 02EAr			 mov word ptr [Y_COORD+0], ax
    941	    0629  EB BF				 jmp @@circle
    942
    943	    062B			 @@c:
    944	    062B  A2 02A6r			 mov byte ptr [TABLE_TANGLES + 0], al
    945	    062E  A2 02A8r			 mov byte ptr [TABLE_TANGLES + 2], al
    946	    0631  A2 02AAr			 mov byte ptr [TABLE_TANGLES + 4], al
    947	    0634  A2 02ACr			 mov byte ptr [TABLE_TANGLES + 6], al
    948	    0637  A2 02AEr			 mov byte ptr [TABLE_LINES + 0], al
    949	    063A  A2 02B0r			 mov byte ptr [TABLE_LINES + 2], al
    950	    063D  A2 02B2r			 mov byte ptr [TABLE_LINES + 4], al
    951	    0640  A2 02B4r			 mov byte ptr [TABLE_LINES + 6], al
    952	    0643  EB A5				 jmp @@circle
    953
    954	    0645			 @@end:
    955	    0645  C3				 ret
    956	    0646						 ENDP
    957
    958
    959					 ;------------------------------------------------------------------------------
    960					 ; ascii_to_num
    961					 ;
    962					 ; Transform ascii byte	to number
    963					 ; Entry:
    964					 ;	 al - symbol
    965					 ; Return:
    966					 ;	 al - value
    967					 ;------------------------------------------------------------------------------
    968	    0646			 ascii_to_num	 PROC
    969	    0646  3C 30			     cmp al, '0'
Turbo Assembler	 Version 4.1	    03/04/26 23:56:17	    Page 18
dr.asm



    970	    0648  76 20	90 90		     jna @@error
    971	    064C  3C 39			     cmp al, '9'
    972	    064E  76 1B	90 90		     jna @@number
    973	    0652  3C 41			     cmp al, 'A'
    974	    0654  72 14	90 90		     jb	@@error
    975	    0658  3C 46			     cmp al, 'F'
    976	    065A  76 12	90 90		     jna @@UPchar
    977	    065E  3C 61			     cmp al, 'a'
    978	    0660  72 08	90 90		     jb	@@error
    979	    0664  3C 66			     cmp al, 'f'
    980	    0666  76 0B	90 90		     jna @@DOWNchar
    981
    982	    066A			 @@error:
    983	    066A  C3			     ret
    984
    985	    066B			 @@number:
    986	    066B  2C 30			     sub al, '0'
    987	    066D  C3			     ret
    988
    989	    066E			 @@UPchar:
    990	    066E  2C 41			     sub al, 'A'
    991	    0670  04 0A			     add al, 0Ah
    992	    0672  C3			     ret
    993
    994	    0673			 @@DOWNchar:
    995	    0673  2C 61			     sub al, 'a'
    996	    0675  04 0A			     add al, 0Ah
    997	    0677  C3			     ret
    998
    999	    0678			 ascii_to_num	 ENDP
   1000
   1001
   1002					 ;------------------------------------------------------------------------------
   1003					 ; two_char_to_num
   1004					 ;
   1005					 ; Transform two symbols to num	(8 bit)
   1006					 ; Entry:
   1007					 ;	 es:[di] - start address
   1008					 ; Return:
   1009					 ;	 al - num
   1010					 ;    ```di += 2```
   1011					 ; Destroy:
   1012					 ;	 ax
   1013					 ;------------------------------------------------------------------------------
   1014	    0678			 two_char_to_num PROC
   1015
   1016	    0678  26: 8A 05		     mov al, byte ptr es:[di]
   1017	    067B  E8 FFC8		     call ascii_to_num
   1018	    067E  8A E0			     mov ah, al
   1019	    0680  47			     inc di
   1020	    0681  26: 8A 05		     mov al, byte ptr es:[di]
   1021	    0684  E8 FFBF		     call ascii_to_num
   1022	    0687  C0 E4	04		     shl ah, 4
   1023	    068A  02 C4			     add al, ah
   1024	    068C  47			     inc di
   1025	    068D  C3			     ret
   1026
Turbo Assembler	 Version 4.1	    03/04/26 23:56:17	    Page 19
dr.asm



   1027	    068E			 two_char_to_num ENDP
   1028
   1029					 end	   start
Turbo Assembler	 Version 4.1	    03/04/26 23:56:17	    Page 20
Symbol Table




Symbol Name			  Type	 Value

??DATE				  Text	 "03/04/26"
??FILENAME			  Text	 "dr	  "
??TIME				  Text	 "23:56:17"
??VERSION			  Number 040A
@32BIT				  Text	 0
@@C				  Near	 DGROUP:062B
@@CIRCLE			  Near	 DGROUP:05EA
@@DOWNCHAR			  Near	 DGROUP:0673
@@END				  Near	 DGROUP:0570
@@END				  Near	 DGROUP:0645
@@ERROR				  Near	 DGROUP:066A
@@FLAG				  Near	 DGROUP:05FC
@@HIDE				  Near	 DGROUP:026B
@@HIGH_DIGIT			  Near	 DGROUP:04BA
@@HIGH_DONE			  Near	 DGROUP:04BC
@@INIT_REG			  Near	 DGROUP:01DE
@@LOW_DIGIT			  Near	 DGROUP:04A6
@@LOW_DONE			  Near	 DGROUP:04A8
@@NEXT				  Near	 DGROUP:0383
@@NEXT				  Near	 DGROUP:0456
@@NEXT				  Near	 DGROUP:057C
@@NEXT_IN_CIRCLE		  Near	 DGROUP:04D4
@@NEXT_IN_CIRCLE		  Near	 DGROUP:0523
@@NEXT_OUT_CIRCLE		  Near	 DGROUP:04D1
@@NEXT_OUT_CIRCLE		  Near	 DGROUP:051F
@@NOT_REPLACE			  Near	 DGROUP:0534
@@NUMBER			  Near	 DGROUP:066B
@@OWN_END			  Near	 DGROUP:029F
@@PRESS				  Near	 DGROUP:02F9
@@REPLACE			  Near	 DGROUP:0564
@@SHOW				  Near	 DGROUP:0317
@@SHOW_REG_END			  Near	 DGROUP:0230
@@STANDARD_INT			  Near	 DGROUP:0266
@@STANDARD_TIMER		  Near	 DGROUP:01D9
@@UPCHAR			  Near	 DGROUP:066E
@@X				  Near	 DGROUP:0621
@@Y				  Near	 DGROUP:0626
@CODE				  Text	 DGROUP
@CODESIZE			  Text	 0
@CPU				  Text	 0F0FH
@CURSEG				  Text	 _TEXT
@DATA				  Text	 DGROUP
@DATASIZE			  Text	 0
@FILENAME			  Text	 DR
@INTERFACE			  Text	 000H
@MODEL				  Text	 1
@STACK				  Text	 DGROUP
@WORDSIZE			  Text	 2
ACTIVE_FLAG			  Byte	 DGROUP:02E6
ALL_REGISTER_DATA		  Word	 DGROUP:02CC
AMOUNT_REGISTERS		  Number 000D
ASCII_TO_NUM			  Near	 DGROUP:0646
AUTO_RENEW			  Byte	 DGROUP:02E7
CODE_FAR_JUMP			  Number 00EA
Turbo Assembler	 Version 4.1	    03/04/26 23:56:17	    Page 21
Symbol Table



COMPARE_BUFFER			  Near	 DGROUP:04F9
CONTROL_REG_SCAN_CODE		  Number 0001
COPY_AREA			  Near	 DGROUP:04CE
DRAW_COLUMN			  Near	 DGROUP:0456
DRAW_TABLE			  Near	 DGROUP:03EF
DRAW_TANGLES			  Near	 DGROUP:0460
END_OF_INTER			  Number 0020
END_RESIDENT			  Near	 DGROUP:0590
FILL_AREA			  Near	 DGROUP:0577
FILL_REG_DATA			  Near	 DGROUP:031B
GET_SIGNAL			  Near	 DGROUP:02ED
INIT_BUFFER_ADDRESS		  Near	 DGROUP:05BC
LEN_FORMAT			  Number 0008
NAME_REGISTERS			  Word	 DGROUP:02B2
NUMBER_TO_ASCII_16		  Near	 DGROUP:0496
PARSER_FLAGS			  Near	 DGROUP:05DB
REGISTER_COLOR			  Byte	 DGROUP:02EC
REPLACE_IRQ_ADDRESS		  Near	 DGROUP:0590
RESIDENT			  Near	 DGROUP:015B
SHOW_REG			  Near	 DGROUP:0372
STANDARD_INT_OFFSET		  Word	 DGROUP:0267
STANDARD_INT_OFFSET_TIMER	  Word	 DGROUP:01DA
STANDARD_INT_SEGMENT		  Word	 DGROUP:0269
STANDARD_INT_SEGMENT_TIMER	  Word	 DGROUP:01DC
START				  Near	 DGROUP:0100
START_FON_BUFFER		  Word	 DGROUP:04CA
START_TABLE_BUFFER		  Word	 DGROUP:04C6
START_VIDEO_BUFFER		  Word	 DGROUP:04C2
TABLE_LINES			  Word	 DGROUP:02AE
TABLE_TANGLES			  Word	 DGROUP:02A6
TIMER				  Near	 DGROUP:0171
TWO_CHAR_TO_NUM			  Near	 DGROUP:0678
X_COORD				  Word	 DGROUP:02E8
Y_COORD				  Word	 DGROUP:02EA

Macro Name

DRAW_LINE

Groups & Segments		  Bit Size Align  Combine Class

DGROUP				  Group
  _DATA				  16  0000 Word	  Public  DATA
  _TEXT				  16  068E Word	  Public  CODE
